// Jest Snapshot v1, https://goo.gl/fbAQLP

exports[`CheckOut Component Rendering should match to snapshot 1`] = `ShallowWrapper {}`;
