// Jest Snapshot v1, https://goo.gl/fbAQLP

exports[`Login Component Rendering should match to snapshot 1`] = `ShallowWrapper {}`;
